Comprovem que un cond funcioni correctament en 3 casos3 es ___ que 5: 
menor
menor
menor
