x té valor: 4
y té valor: 0
s1 té valor: pepa
s2 té valor: josep
b1 té valor: #t
b2 té valor: #f
b3 té valor: #f
