VARIABLE DEL CODI x = 3/2
x + 1/2 = 2
x + 1 = 5/2
VARIABLE D'STDIN y = 3/2
y + 1/2 = 2
y + 1 = 5/2
