NOT #t: #f
NOT #f: #t
AND #t #t: #t
AND #f #t: #f
AND #t #f: #f
OR #t #t: #t
OR #t #f: #t
OR #f #f: #f
#t = #t: #t
#f = #f: #t
#f = #t: #f
#t = #f: #f
#t <> #t: #f
#f <> #f: #f
#f <> #t: #t
#t <> #f: #t
