x + 3 = 3
2 - 33 = -31
x - 3 = -3
3 - 0 = 3
2 * 3 = 6
8 / 2 = 4
3 / 2 = 3/2
y = 3/2
3 % 2 = 1
(+ (* 2 3) 5) = 11
