aplica-dos-cops dobla 50 = 200
map dobla '( 1 2 3 4 5 6 7 8 9 10) = ( 2 4 6 8 10 12 14 16 18 20 )
Filtrem els elements parells de la llista '(-4 -3 -2 -1 0 1 2 3 4) = ( -4 -2 0 2 4 )
