l: ( 1 2 3 4 5 6 7 8 9 10 )
Suma dels elements d'l: 55
